// Jest Snapshot v1, https://goo.gl/fbAQLP

exports[`App must display properly Must match snapshot 1`] = `
<div>
  <div
    class="App"
  >
    <nav
      class="navbar p-1"
    >
      <div
        class="left-navbar text-xl"
      >
        <div
          class="p-1"
        >
          <i
            class="fa fa-book"
          />
        </div>
        <div
          class="p-1"
        >
          Todo
        </div>
      </div>
      <div
        class="right-navbar menu-container m-1"
      >
        <i
          class="fa fa-bars menu-btn text-l"
        />
        <ul
          class="menu m-1 text-reg"
        >
          <li
            class="menu-list p-1"
          >
            <a
              href="/"
            >
              Home
            </a>
          </li>
          <li
            class="menu-list p-1"
          >
            <a
              href="/about"
            >
              About us
            </a>
          </li>
        </ul>
      </div>
    </nav>
    <div />
    <div
      class="container py-container"
    >
      <div>
        <div
          class="btn-div"
        >
          <a
            href="/addTodo"
          >
            <button
              class="add-btn btn my-2 p-1"
              data-testid="add-btn"
            >
              + 
              <span
                class="add-btn-hover"
              >
                Add Task
              </span>
            </button>
          </a>
        </div>
        <div
          class="sub-container"
        >
          <div
            class="flex-row space-between"
          >
            <h2
              class="heading text-xl"
            >
              Things to do
            </h2>
          </div>
          <div>
            <ul>
              <div
                class="sub-cards"
              >
                <li>
                  <div
                    class="card my-1 p-2"
                  >
                    <div
                      class="flex-row space-between bb"
                    >
                      <div
                        class="flex-row"
                      >
                        <h3
                          class="sub-heading my-1 py-1 m-1"
                        >
                          Complete this app
                        </h3>
                      </div>
                      <div
                        class="ctr-btn"
                      >
                        <a
                          href="/editTodo/1"
                        >
                          <button
                            class="btn btn-sm btn-dark my-1 py-1 light-smooth"
                          >
                            <i
                              class="fa fa-edit"
                            />
                          </button>
                        </a>
                        <button
                          class="btn btn-sm btn-danger my-1 py-1 light-smooth"
                        >
                          <i
                            class="fa fa-trash"
                          />
                        </button>
                      </div>
                    </div>
                    <div
                      class="task-dates flex-row space-between"
                    >
                      <div
                        class="content"
                      >
                        <ul
                          class="sub-tasks"
                        >
                          <li>
                            <div
                              class="sub-task my-1 p-1"
                            >
                              Implement display list feature
                            </div>
                          </li>
                          <li>
                            <div
                              class="sub-task my-1 p-1"
                            >
                              Implement add to list feature
                            </div>
                          </li>
                          <li>
                            <div
                              class="sub-task my-1 p-1"
                            >
                              Implement delete list item feature
                            </div>
                          </li>
                          <li>
                            <div
                              class="sub-task my-1 p-1"
                            >
                              Implement edit list item feature
                            </div>
                          </li>
                        </ul>
                      </div>
                      <div
                        class="dates flex-col bl m-1 p-1 my-1"
                      >
                        Added on
                        <div
                          class="flex-row my-1"
                        >
                          <i
                            class="fa fa-calendar m-1 i-l"
                          />
                          <div
                            class="inline-flex m-1"
                          >
                            2021-05-18
                          </div>
                        </div>
                      </div>
                    </div>
                    <div
                      class="flex-row"
                    >
                      <span
                        class="lbl-disp badge-light m-1 my-1 p-1"
                      >
                        completed
                      </span>
                      <span
                        class="lbl-disp badge-light m-1 my-1 p-1"
                      >
                        fast
                      </span>
                    </div>
                  </div>
                </li>
                <li>
                  <div
                    class="card my-1 p-2"
                  >
                    <div
                      class="flex-row space-between bb"
                    >
                      <div
                        class="flex-row"
                      >
                        <h3
                          class="sub-heading my-1 py-1 m-1"
                        >
                          Complete honeypot test
                        </h3>
                      </div>
                      <div
                        class="ctr-btn"
                      >
                        <a
                          href="/editTodo/2"
                        >
                          <button
                            class="btn btn-sm btn-dark my-1 py-1 light-smooth"
                          >
                            <i
                              class="fa fa-edit"
                            />
                          </button>
                        </a>
                        <button
                          class="btn btn-sm btn-danger my-1 py-1 light-smooth"
                        >
                          <i
                            class="fa fa-trash"
                          />
                        </button>
                      </div>
                    </div>
                    <div
                      class="task-dates flex-row space-between"
                    >
                      <div
                        class="content"
                      >
                        <ul
                          class="sub-tasks"
                        >
                          <li>
                            <div
                              class="sub-task my-1 p-1"
                            >
                              Practice algorithms
                            </div>
                          </li>
                          <li>
                            <div
                              class="sub-task my-1 p-1"
                            >
                              Take practice test
                            </div>
                          </li>
                          <li>
                            <div
                              class="sub-task my-1 p-1"
                            >
                              Take test
                            </div>
                          </li>
                        </ul>
                      </div>
                      <div
                        class="dates flex-col bl m-1 p-1 my-1"
                      >
                        Added on
                        <div
                          class="flex-row my-1"
                        >
                          <i
                            class="fa fa-calendar m-1 i-l"
                          />
                          <div
                            class="inline-flex m-1"
                          >
                            2021-04-27
                          </div>
                        </div>
                      </div>
                    </div>
                    <div
                      class="flex-row"
                    >
                      <span
                        class="lbl-disp badge-light m-1 my-1 p-1"
                      >
                        completed
                      </span>
                      <span
                        class="lbl-disp badge-light m-1 my-1 p-1"
                      >
                        successfully
                      </span>
                    </div>
                  </div>
                </li>
                <li>
                  <div
                    class="card my-1 p-2"
                  >
                    <div
                      class="flex-row space-between bb"
                    >
                      <div
                        class="flex-row"
                      >
                        <h3
                          class="sub-heading my-1 py-1 m-1"
                        >
                          Complete logic test
                        </h3>
                      </div>
                      <div
                        class="ctr-btn"
                      >
                        <a
                          href="/editTodo/3"
                        >
                          <button
                            class="btn btn-sm btn-dark my-1 py-1 light-smooth"
                          >
                            <i
                              class="fa fa-edit"
                            />
                          </button>
                        </a>
                        <button
                          class="btn btn-sm btn-danger my-1 py-1 light-smooth"
                        >
                          <i
                            class="fa fa-trash"
                          />
                        </button>
                      </div>
                    </div>
                    <div
                      class="task-dates flex-row space-between"
                    >
                      <div
                        class="content"
                      >
                        <ul
                          class="sub-tasks"
                        >
                          <li>
                            <div
                              class="sub-task my-1 p-1"
                            >
                              Practice algorithms
                            </div>
                          </li>
                          <li>
                            <div
                              class="sub-task my-1 p-1"
                            >
                              Take practice test
                            </div>
                          </li>
                          <li>
                            <div
                              class="sub-task my-1 p-1"
                            >
                              Take test
                            </div>
                          </li>
                        </ul>
                      </div>
                      <div
                        class="dates flex-col bl m-1 p-1 my-1"
                      >
                        Added on
                        <div
                          class="flex-row my-1"
                        >
                          <i
                            class="fa fa-calendar m-1 i-l"
                          />
                          <div
                            class="inline-flex m-1"
                          >
                            2021-06-1
                          </div>
                        </div>
                      </div>
                    </div>
                    <div
                      class="flex-row"
                    >
                      <span
                        class="lbl-disp badge-light m-1 my-1 p-1"
                      >
                        completed
                      </span>
                      <span
                        class="lbl-disp badge-light m-1 my-1 p-1"
                      >
                        successful
                      </span>
                      <span
                        class="lbl-disp badge-light m-1 my-1 p-1"
                      >
                        waiting for result
                      </span>
                    </div>
                  </div>
                </li>
              </div>
            </ul>
          </div>
        </div>
      </div>
    </div>
  </div>
</div>
`;
